[I 2026-02-12 00:00:45.740 ServerApp] jupyter_lsp | extension was successfully linked.
[I 2026-02-12 00:00:45.743 ServerApp] jupyter_server_terminals | extension was successfully linked.
[W 2026-02-12 00:00:45.745 LabApp] 'token' has moved from NotebookApp to ServerApp. This config will be passed to ServerApp. Be sure to update your config before our next release.
[W 2026-02-12 00:00:45.747 ServerApp] ServerApp.token config is deprecated in 2.0. Use IdentityProvider.token.
[I 2026-02-12 00:00:45.747 ServerApp] jupyterlab | extension was successfully linked.
[I 2026-02-12 00:00:45.751 ServerApp] notebook | extension was successfully linked.
[I 2026-02-12 00:00:45.755 ServerApp] Writing Jupyter server cookie secret to /root/.local/share/jupyter/runtime/jupyter_cookie_secret
[I 2026-02-12 00:00:47.130 ServerApp] notebook_shim | extension was successfully linked.
[I 2026-02-12 00:00:47.175 ServerApp] notebook_shim | extension was successfully loaded.
[I 2026-02-12 00:00:47.178 ServerApp] jupyter_lsp | extension was successfully loaded.
[I 2026-02-12 00:00:47.179 ServerApp] jupyter_server_terminals | extension was successfully loaded.
[I 2026-02-12 00:00:47.280 LabApp] JupyterLab extension loaded from /usr/local/lib/python3.12/dist-packages/jupyterlab
[I 2026-02-12 00:00:47.280 LabApp] JupyterLab application directory is /usr/local/share/jupyter/lab
[I 2026-02-12 00:00:47.281 LabApp] Extension Manager is 'pypi'.
[I 2026-02-12 00:00:47.464 ServerApp] jupyterlab | extension was successfully loaded.
[I 2026-02-12 00:00:47.468 ServerApp] notebook | extension was successfully loaded.
[I 2026-02-12 00:00:47.470 ServerApp] Serving notebooks from local directory: /workspaces/DS-Docker
[I 2026-02-12 00:00:47.471 ServerApp] Jupyter Server 2.17.0 is running at:
[I 2026-02-12 00:00:47.471 ServerApp] http://9cd439894089:8888/tree?token=...
[I 2026-02-12 00:00:47.471 ServerApp]     http://127.0.0.1:8888/tree?token=...
[I 2026-02-12 00:00:47.471 ServerApp] Use Control-C to stop this server and shut down all kernels (twice to skip confirmation).
[W 2026-02-12 00:00:47.485 ServerApp] No web browser found: Error('could not locate runnable browser').
[I 2026-02-12 00:00:47.512 ServerApp] Skipped non-installed server(s): basedpyright, bash-language-server, dockerfile-language-server-nodejs, javascript-typescript-langserver, jedi-language-server, julia-language-server, pyrefly, pyright, python-language-server, python-lsp-server, r-languageserver, sql-language-server, texlab, typescript-language-server, unified-language-server, vscode-css-languageserver-bin, vscode-html-languageserver-bin, vscode-json-languageserver-bin, yaml-language-server
[I 2026-02-12 00:09:29.792 ServerApp] jupyter_lsp | extension was successfully linked.
[I 2026-02-12 00:09:29.794 ServerApp] jupyter_server_terminals | extension was successfully linked.
[W 2026-02-12 00:09:29.795 LabApp] 'token' has moved from NotebookApp to ServerApp. This config will be passed to ServerApp. Be sure to update your config before our next release.
[W 2026-02-12 00:09:29.797 ServerApp] ServerApp.token config is deprecated in 2.0. Use IdentityProvider.token.
[I 2026-02-12 00:09:29.797 ServerApp] jupyterlab | extension was successfully linked.
[I 2026-02-12 00:09:29.801 ServerApp] notebook | extension was successfully linked.
[I 2026-02-12 00:09:30.091 ServerApp] notebook_shim | extension was successfully linked.
[I 2026-02-12 00:09:30.104 ServerApp] notebook_shim | extension was successfully loaded.
[I 2026-02-12 00:09:30.106 ServerApp] jupyter_lsp | extension was successfully loaded.
[I 2026-02-12 00:09:30.106 ServerApp] jupyter_server_terminals | extension was successfully loaded.
[I 2026-02-12 00:09:30.109 LabApp] JupyterLab extension loaded from /usr/local/lib/python3.12/dist-packages/jupyterlab
[I 2026-02-12 00:09:30.109 LabApp] JupyterLab application directory is /usr/local/share/jupyter/lab
[I 2026-02-12 00:09:30.110 LabApp] Extension Manager is 'pypi'.
[I 2026-02-12 00:09:30.156 ServerApp] jupyterlab | extension was successfully loaded.
[I 2026-02-12 00:09:30.160 ServerApp] notebook | extension was successfully loaded.
[I 2026-02-12 00:09:30.160 ServerApp] Serving notebooks from local directory: /workspaces/DS-Docker
[I 2026-02-12 00:09:30.160 ServerApp] Jupyter Server 2.17.0 is running at:
[I 2026-02-12 00:09:30.160 ServerApp] http://9cd439894089:8888/tree?token=...
[I 2026-02-12 00:09:30.160 ServerApp]     http://127.0.0.1:8888/tree?token=...
[I 2026-02-12 00:09:30.160 ServerApp] Use Control-C to stop this server and shut down all kernels (twice to skip confirmation).
[W 2026-02-12 00:09:30.167 ServerApp] No web browser found: Error('could not locate runnable browser').
[I 2026-02-12 00:09:30.187 ServerApp] Skipped non-installed server(s): basedpyright, bash-language-server, dockerfile-language-server-nodejs, javascript-typescript-langserver, jedi-language-server, julia-language-server, pyrefly, pyright, python-language-server, python-lsp-server, r-languageserver, sql-language-server, texlab, typescript-language-server, unified-language-server, vscode-css-languageserver-bin, vscode-html-languageserver-bin, vscode-json-languageserver-bin, yaml-language-server
[I 2026-02-12 00:09:50.670 ServerApp] jupyter_lsp | extension was successfully linked.
[I 2026-02-12 00:09:50.673 ServerApp] jupyter_server_terminals | extension was successfully linked.
[W 2026-02-12 00:09:50.674 LabApp] 'token' has moved from NotebookApp to ServerApp. This config will be passed to ServerApp. Be sure to update your config before our next release.
[W 2026-02-12 00:09:50.676 ServerApp] ServerApp.token config is deprecated in 2.0. Use IdentityProvider.token.
[I 2026-02-12 00:09:50.676 ServerApp] jupyterlab | extension was successfully linked.
[I 2026-02-12 00:09:50.679 ServerApp] notebook | extension was successfully linked.
[I 2026-02-12 00:09:50.681 ServerApp] Writing Jupyter server cookie secret to /root/.local/share/jupyter/runtime/jupyter_cookie_secret
[I 2026-02-12 00:09:50.973 ServerApp] notebook_shim | extension was successfully linked.
[I 2026-02-12 00:09:50.987 ServerApp] notebook_shim | extension was successfully loaded.
[I 2026-02-12 00:09:50.994 ServerApp] jupyter_lsp | extension was successfully loaded.
[I 2026-02-12 00:09:50.994 ServerApp] jupyter_server_terminals | extension was successfully loaded.
[I 2026-02-12 00:09:50.997 LabApp] JupyterLab extension loaded from /usr/local/lib/python3.12/dist-packages/jupyterlab
[I 2026-02-12 00:09:50.997 LabApp] JupyterLab application directory is /usr/local/share/jupyter/lab
[I 2026-02-12 00:09:50.998 LabApp] Extension Manager is 'pypi'.
[I 2026-02-12 00:09:51.042 ServerApp] jupyterlab | extension was successfully loaded.
[I 2026-02-12 00:09:51.046 ServerApp] notebook | extension was successfully loaded.
[I 2026-02-12 00:09:51.047 ServerApp] Serving notebooks from local directory: /workspaces/DS-Docker
[I 2026-02-12 00:09:51.048 ServerApp] Jupyter Server 2.17.0 is running at:
[I 2026-02-12 00:09:51.048 ServerApp] http://d84953ffa284:8888/tree?token=...
[I 2026-02-12 00:09:51.048 ServerApp]     http://127.0.0.1:8888/tree?token=...
[I 2026-02-12 00:09:51.048 ServerApp] Use Control-C to stop this server and shut down all kernels (twice to skip confirmation).
[W 2026-02-12 00:09:51.056 ServerApp] No web browser found: Error('could not locate runnable browser').
[I 2026-02-12 00:09:51.076 ServerApp] Skipped non-installed server(s): basedpyright, bash-language-server, dockerfile-language-server-nodejs, javascript-typescript-langserver, jedi-language-server, julia-language-server, pyrefly, pyright, python-language-server, python-lsp-server, r-languageserver, sql-language-server, texlab, typescript-language-server, unified-language-server, vscode-css-languageserver-bin, vscode-html-languageserver-bin, vscode-json-languageserver-bin, yaml-language-server
[I 2026-02-12 00:10:42.881 ServerApp] 302 GET / (@127.0.0.1) 0.62ms
[I 2026-02-12 00:10:42.893 JupyterNotebookApp] 302 GET /tree? (@127.0.0.1) 0.72ms
[I 2026-02-12 16:38:57.766 ServerApp] jupyter_lsp | extension was successfully linked.
[I 2026-02-12 16:38:57.769 ServerApp] jupyter_server_terminals | extension was successfully linked.
[W 2026-02-12 16:38:57.771 LabApp] 'token' has moved from NotebookApp to ServerApp. This config will be passed to ServerApp. Be sure to update your config before our next release.
[W 2026-02-12 16:38:57.774 ServerApp] ServerApp.token config is deprecated in 2.0. Use IdentityProvider.token.
[I 2026-02-12 16:38:57.774 ServerApp] jupyterlab | extension was successfully linked.
[I 2026-02-12 16:38:57.777 ServerApp] notebook | extension was successfully linked.
[I 2026-02-12 16:38:57.780 ServerApp] Writing Jupyter server cookie secret to /root/.local/share/jupyter/runtime/jupyter_cookie_secret
[I 2026-02-12 16:38:58.205 ServerApp] notebook_shim | extension was successfully linked.
[I 2026-02-12 16:38:58.231 ServerApp] notebook_shim | extension was successfully loaded.
[I 2026-02-12 16:38:58.234 ServerApp] jupyter_lsp | extension was successfully loaded.
[I 2026-02-12 16:38:58.235 ServerApp] jupyter_server_terminals | extension was successfully loaded.
[I 2026-02-12 16:38:58.237 LabApp] JupyterLab extension loaded from /usr/local/lib/python3.12/dist-packages/jupyterlab
[I 2026-02-12 16:38:58.237 LabApp] JupyterLab application directory is /usr/local/share/jupyter/lab
[I 2026-02-12 16:38:58.238 LabApp] Extension Manager is 'pypi'.
[I 2026-02-12 16:38:58.373 ServerApp] jupyterlab | extension was successfully loaded.
[I 2026-02-12 16:38:58.376 ServerApp] notebook | extension was successfully loaded.
[I 2026-02-12 16:38:58.376 ServerApp] Serving notebooks from local directory: /workspaces/DS-Docker
[I 2026-02-12 16:38:58.377 ServerApp] Jupyter Server 2.17.0 is running at:
[I 2026-02-12 16:38:58.377 ServerApp] http://d21abb889f53:8888/tree?token=...
[I 2026-02-12 16:38:58.377 ServerApp]     http://127.0.0.1:8888/tree?token=...
[I 2026-02-12 16:38:58.377 ServerApp] Use Control-C to stop this server and shut down all kernels (twice to skip confirmation).
[W 2026-02-12 16:38:58.384 ServerApp] No web browser found: Error('could not locate runnable browser').
[I 2026-02-12 16:38:58.405 ServerApp] Skipped non-installed server(s): basedpyright, bash-language-server, dockerfile-language-server-nodejs, javascript-typescript-langserver, jedi-language-server, julia-language-server, pyrefly, pyright, python-language-server, python-lsp-server, r-languageserver, sql-language-server, texlab, typescript-language-server, unified-language-server, vscode-css-languageserver-bin, vscode-html-languageserver-bin, vscode-json-languageserver-bin, yaml-language-server
[I 2026-02-12 18:02:36.246 ServerApp] Extension package jupyter_lsp took 0.1231s to import
[I 2026-02-12 18:02:37.485 ServerApp] jupyter_lsp | extension was successfully linked.
[I 2026-02-12 18:02:37.488 ServerApp] jupyter_server_terminals | extension was successfully linked.
[W 2026-02-12 18:02:37.489 LabApp] 'token' has moved from NotebookApp to ServerApp. This config will be passed to ServerApp. Be sure to update your config before our next release.
[W 2026-02-12 18:02:37.491 ServerApp] ServerApp.token config is deprecated in 2.0. Use IdentityProvider.token.
[I 2026-02-12 18:02:37.491 ServerApp] jupyterlab | extension was successfully linked.
[I 2026-02-12 18:02:37.493 ServerApp] notebook | extension was successfully linked.
[I 2026-02-12 18:02:38.490 ServerApp] notebook_shim | extension was successfully linked.
[I 2026-02-12 18:02:38.514 ServerApp] notebook_shim | extension was successfully loaded.
[I 2026-02-12 18:02:38.516 ServerApp] jupyter_lsp | extension was successfully loaded.
[I 2026-02-12 18:02:38.516 ServerApp] jupyter_server_terminals | extension was successfully loaded.
[I 2026-02-12 18:02:38.524 LabApp] JupyterLab extension loaded from /usr/local/lib/python3.12/dist-packages/jupyterlab
[I 2026-02-12 18:02:38.524 LabApp] JupyterLab application directory is /usr/local/share/jupyter/lab
[I 2026-02-12 18:02:38.525 LabApp] Extension Manager is 'pypi'.
[I 2026-02-12 18:02:38.583 ServerApp] jupyterlab | extension was successfully loaded.
[I 2026-02-12 18:02:38.585 ServerApp] notebook | extension was successfully loaded.
[I 2026-02-12 18:02:38.586 ServerApp] Serving notebooks from local directory: /workspaces/DS-Docker
[I 2026-02-12 18:02:38.586 ServerApp] Jupyter Server 2.17.0 is running at:
[I 2026-02-12 18:02:38.586 ServerApp] http://d21abb889f53:8888/tree?token=...
[I 2026-02-12 18:02:38.586 ServerApp]     http://127.0.0.1:8888/tree?token=...
[I 2026-02-12 18:02:38.586 ServerApp] Use Control-C to stop this server and shut down all kernels (twice to skip confirmation).
[W 2026-02-12 18:02:38.593 ServerApp] No web browser found: Error('could not locate runnable browser').
[I 2026-02-12 18:02:38.612 ServerApp] Skipped non-installed server(s): basedpyright, bash-language-server, dockerfile-language-server-nodejs, javascript-typescript-langserver, jedi-language-server, julia-language-server, pyrefly, pyright, python-language-server, python-lsp-server, r-languageserver, sql-language-server, texlab, typescript-language-server, unified-language-server, vscode-css-languageserver-bin, vscode-html-languageserver-bin, vscode-json-languageserver-bin, yaml-language-server
[I 2026-02-15 20:18:21.661 ServerApp] jupyter_lsp | extension was successfully linked.
[I 2026-02-15 20:18:21.666 ServerApp] jupyter_server_terminals | extension was successfully linked.
[W 2026-02-15 20:18:21.668 LabApp] 'token' has moved from NotebookApp to ServerApp. This config will be passed to ServerApp. Be sure to update your config before our next release.
[W 2026-02-15 20:18:21.671 ServerApp] ServerApp.token config is deprecated in 2.0. Use IdentityProvider.token.
[I 2026-02-15 20:18:21.671 ServerApp] jupyterlab | extension was successfully linked.
[I 2026-02-15 20:18:21.675 ServerApp] notebook | extension was successfully linked.
[I 2026-02-15 20:18:22.704 ServerApp] notebook_shim | extension was successfully linked.
[I 2026-02-15 20:18:22.750 ServerApp] notebook_shim | extension was successfully loaded.
[I 2026-02-15 20:18:22.752 ServerApp] jupyter_lsp | extension was successfully loaded.
[I 2026-02-15 20:18:22.753 ServerApp] jupyter_server_terminals | extension was successfully loaded.
[I 2026-02-15 20:18:22.762 LabApp] JupyterLab extension loaded from /usr/local/lib/python3.12/dist-packages/jupyterlab
[I 2026-02-15 20:18:22.762 LabApp] JupyterLab application directory is /usr/local/share/jupyter/lab
[I 2026-02-15 20:18:22.762 LabApp] Extension Manager is 'pypi'.
[I 2026-02-15 20:18:22.891 ServerApp] jupyterlab | extension was successfully loaded.
[I 2026-02-15 20:18:22.896 ServerApp] notebook | extension was successfully loaded.
[I 2026-02-15 20:18:22.897 ServerApp] Serving notebooks from local directory: /workspaces/DS-Docker
[I 2026-02-15 20:18:22.897 ServerApp] Jupyter Server 2.17.0 is running at:
[I 2026-02-15 20:18:22.897 ServerApp] http://d21abb889f53:8888/tree?token=...
[I 2026-02-15 20:18:22.897 ServerApp]     http://127.0.0.1:8888/tree?token=...
[I 2026-02-15 20:18:22.897 ServerApp] Use Control-C to stop this server and shut down all kernels (twice to skip confirmation).
[W 2026-02-15 20:18:22.910 ServerApp] No web browser found: Error('could not locate runnable browser').
[I 2026-02-15 20:18:22.945 ServerApp] Skipped non-installed server(s): basedpyright, bash-language-server, dockerfile-language-server-nodejs, javascript-typescript-langserver, jedi-language-server, julia-language-server, pyrefly, pyright, python-language-server, python-lsp-server, r-languageserver, sql-language-server, texlab, typescript-language-server, unified-language-server, vscode-css-languageserver-bin, vscode-html-languageserver-bin, vscode-json-languageserver-bin, yaml-language-server
